../Core/Src/main.c:292:6:check_and_control_pins	16	static
../Core/Src/main.c:316:6:Delay_ms	24	static,ignoring_inline_asm
../Core/Src/main.c:324:6:Buzzer_Control	8	static
../Core/Src/main.c:331:6:Pic_Control_kazan	32	static
../Core/Src/main.c:340:6:Pic_Control_kapak	32	static
../Core/Src/main.c:348:6:Pic_Control_kol	32	static
../Core/Src/main.c:360:6:Check_UGN_1_Pin	32	static
../Core/Src/main.c:380:6:Check_UGN_3_Pin	32	static
../Core/Src/main.c:399:6:Check_SWITCH_Pin	32	static
../Core/Src/main.c:418:6:FlashData_Write	112	static
../Core/Src/main.c:456:6:FlashData_Read	72	static
../Core/Src/main.c:472:6:check_manue1_timer	40	static
../Core/Src/main.c:524:6:UpdateSequentialDisplay	40	static
../Core/Src/main.c:563:6:HAL_UART_RxCpltCallback	136	static
../Core/Src/main.c:908:6:Nextion_SendCommand	16	static
../Core/Src/main.c:917:6:HandleSetGetMessage	24	static
../Core/Src/main.c:942:6:check_wait_time	8	static
../Core/Src/main.c:950:6:ZamanDegeriniYaz	24	static
../Core/Src/main.c:957:6:StoppedTimeDegeriniYaz	24	static
../Core/Src/main.c:969:6:zaman_flash_kaydet	48	static
../Core/Src/main.c:995:10:zaman_flash_oku	16	static
../Core/Src/main.c:1005:6:geri_sayim_dur	4	static
../Core/Src/main.c:1009:6:geri_sayim_zaman_ile	48	static
../Core/Src/main.c:1078:6:ZamanDegeriniYazdir	24	static
../Core/Src/main.c:1088:6:guvenlik	24	static
../Core/Src/main.c:1107:6:guvenlik2	8	static
../Core/Src/main.c:1163:5:digitalRead	16	static
../Core/Src/main.c:1174:15:micros	24	static
../Core/Src/main.c:1181:6:Measure	8	static
../Core/Src/main.c:1193:5:calculatioins	24	static
../Core/Src/main.c:1209:9:all_channels_zero	4	static
../Core/Src/main.c:1214:5:calculate_phase_angle	16	static
../Core/Src/main.c:1219:6:HAL_TIM_IC_CaptureCallback	16	static
../Core/Src/main.c:1255:6:measure_phase_sequence	112	static
../Core/Src/main.c:1290:7:Buzzer_Beep	8	static
../Core/Src/main.c:1299:6:control_pins_based_on_input3	8	static
../Core/Src/main.c:1319:6:control_pins_based_on_input4	8	static
../Core/Src/main.c:1340:6:control_pins_based_on_input5	8	static
../Core/Src/main.c:1351:6:Nextion_SetVisibility	72	static
../Core/Src/main.c:1358:6:Nextion_GoToPage	72	static
../Core/Src/main.c:1366:6:HAL_GPIO_EXTI_Callback	24	static
../Core/Src/main.c:1393:6:mainpage	8	static
../Core/Src/main.c:1432:5:main	24	static
../Core/Src/main.c:1565:6:SystemClock_Config	72	static
../Core/Src/main.c:1604:13:MX_TIM1_Init	48	static
../Core/Src/main.c:1672:13:MX_USART2_UART_Init	8	static
../Core/Src/main.c:1702:13:MX_GPIO_Init	32	static
../Core/Src/main.c:1768:6:Error_Handler	4	static
